Microchip MPLAB XC8 Compiler V2.40

Linker command line:

-W-3 \
  --edf=C:\Program Files\Microchip\xc8\v2.40\pic\dat\20220703182018_en.msgs \
  -cn \
  -h+dist/default/production\Kelvin_Adjustable_Studio_Light.X.production.sym \
  --cmf=dist/default/production\Kelvin_Adjustable_Studio_Light.X.production.cmf \
  -z -Q12F1571 -oC:\Users\ABI\AppData\Local\Temp\xcAsars.4 \
  --defsym=__MPLAB_BUILD=1 --fixupoverflow=error \
  -Mdist/default/production/Kelvin_Adjustable_Studio_Light.X.production.map \
  --md=C:\Users\ABI\AppData\Local\Temp\xcAsars.dat -E1 -ver=XC8 Compiler \
  --acfsm=1493 -ACODE=00h-03FFh -ASTRCODE=00h-03FFh -ASTRING=00h-0FFhx4 \
  -ACONST=00h-0FFhx4 -AENTRY=00h-0FFhx4 -ACOMMON=070h-07Fh \
  -ABANK0=020h-06Fh -ABANK1=0A0h-0BFh -ABIGRAM=02000h-0206Fh \
  -ARAM=020h-06Fh,0A0h-0BFh -AABS1=020h-07Fh,0A0h-0BFh -ASFR0=00h-01Fh \
  -ASFR1=080h-09Fh -ASFR2=0100h-016Fh -ASFR3=0180h-01EFh -ASFR4=0200h-026Fh \
  -ASFR5=0280h-02EFh -ASFR6=0300h-036Fh -ASFR7=0380h-03EFh \
  -ASFR8=0400h-046Fh -ASFR9=0480h-04EFh -ASFR10=0500h-056Fh \
  -ASFR11=0580h-05EFh -ASFR12=0600h-066Fh -ASFR13=0680h-06EFh \
  -ASFR14=0700h-076Fh -ASFR15=0780h-07EFh -ASFR16=0800h-086Fh \
  -ASFR17=0880h-08EFh -ASFR18=0900h-096Fh -ASFR19=0980h-09EFh \
  -ASFR20=0A00h-0A6Fh -ASFR21=0A80h-0AEFh -ASFR22=0B00h-0B6Fh \
  -ASFR23=0B80h-0BEFh -ASFR24=0C00h-0C6Fh -ASFR25=0C80h-0CEFh \
  -ASFR26=0D00h-0D6Fh -ASFR27=0D80h-0DEFh -ASFR28=0E00h-0E6Fh \
  -ASFR29=0E80h-0EEFh -ASFR30=0F00h-0F6Fh -ASFR31=0F80h-0FEFh \
  -ACONFIG=08007h-08008h -DCONFIG=2 -AIDLOC=08000h-08003h -DIDLOC=2 \
  -DCODE=2 -DSTRCODE=2 -DSTRING=2 -DCONST=2 -DENTRY=2 \
  -preset_vec=00h,intentry=04h,init,end_init -ppowerup=CODE -pcinit=CODE \
  -pfunctab=ENTRY -k C:\Users\ABI\AppData\Local\Temp\xcAsars.o \
  dist/default/production\Kelvin_Adjustable_Studio_Light.X.production.o 

Object code version is 3.11

Machine type is 12F1571



                Name                               Link     Load   Length Selector   Space Scale
C:\Users\ABI\AppData\Local\Temp\xcAsars.o
                end_init                             1D       1D        1        8       0
                reset_vec                             0        0        1        0       0
                config                             8007     8007        2        0       4
                idloc                              8000     8000        4        0       5
dist/default/production\Kelvin_Adjustable_Studio_Light.X.production.o
                cinit                                1E       1E        F        8       0
                intentry                              4        4       19        8       0
                config                             8007     8007        2        0       4
                idloc                              8000     8000        4        0       5
                text8                               121      121       22        8       0
                text7                                FC       FC       25        8       0
                text6                                D7       D7       25        8       0
                text5                                A3       A3       34        8       0
                text4                               15D      15D       12        8       0
                text3                               16F      16F        9        8       0
                text2                               178      178        3        8       0
                text1                               143      143       1A        8       0
                maintext                             2D       2D       76        8       0
                cstackBANK0                          20       20        C       20       1
                cstackCOMMON                         70       70        8       70       1
                bssBANK0                             2C       2C        8       20       1
                bssCOMMON                            78       78        3       70       1

TOTAL           Name                               Link     Load   Length     Space
        CLASS   CODE           
                end_init                             1D       1D        1         0
                cinit                                1E       1E        F         0
                intentry                              4        4       19         0
                reset_vec                             0        0        1         0
                text8                               121      121       22         0
                text7                                FC       FC       25         0
                text6                                D7       D7       25         0
                text5                                A3       A3       34         0
                text4                               15D      15D       12         0
                text3                               16F      16F        9         0
                text2                               178      178        3         0
                text1                               143      143       1A         0
                maintext                             2D       2D       76         0

        CLASS   STRCODE        

        CLASS   STRING         

        CLASS   CONST          

        CLASS   ENTRY          

        CLASS   COMMON         
                cstackCOMMON                         70       70        8         1
                bssCOMMON                            78       78        3         1

        CLASS   BANK0          
                cstackBANK0                          20       20        C         1
                bssBANK0                             2C       2C        8         1

        CLASS   BANK1          

        CLASS   BIGRAM         

        CLASS   RAM            

        CLASS   ABS1           
                abs_s1                               7E       7E        2         1

        CLASS   SFR0           

        CLASS   SFR1           

        CLASS   SFR2           

        CLASS   SFR3           

        CLASS   SFR4           

        CLASS   SFR5           

        CLASS   SFR6           

        CLASS   SFR7           

        CLASS   SFR8           

        CLASS   SFR9           

        CLASS   SFR10          

        CLASS   SFR11          

        CLASS   SFR12          

        CLASS   SFR13          

        CLASS   SFR14          

        CLASS   SFR15          

        CLASS   SFR16          

        CLASS   SFR17          

        CLASS   SFR18          

        CLASS   SFR19          

        CLASS   SFR20          

        CLASS   SFR21          

        CLASS   SFR22          

        CLASS   SFR23          

        CLASS   SFR24          

        CLASS   SFR25          

        CLASS   SFR26          

        CLASS   SFR27          

        CLASS   SFR28          

        CLASS   SFR29          

        CLASS   SFR30          

        CLASS   SFR31          

        CLASS   CONFIG         
                config                             8007     8007        2         4

        CLASS   IDLOC          
                idloc                              8000     8000        4         5

        CLASS   BANK31         

        CLASS   BANK30         

        CLASS   BANK29         

        CLASS   BANK28         

        CLASS   BANK27         

        CLASS   BANK26         

        CLASS   BANK25         

        CLASS   BANK24         

        CLASS   BANK23         

        CLASS   BANK22         

        CLASS   BANK21         

        CLASS   BANK20         

        CLASS   BANK19         

        CLASS   BANK18         

        CLASS   BANK17         

        CLASS   BANK16         

        CLASS   BANK15         

        CLASS   BANK14         

        CLASS   BANK13         

        CLASS   BANK12         

        CLASS   BANK11         

        CLASS   BANK10         

        CLASS   BANK9          

        CLASS   BANK8          

        CLASS   BANK7          

        CLASS   BANK6          

        CLASS   BANK5          

        CLASS   BANK4          

        CLASS   BANK3          

        CLASS   BANK2          

        CLASS   HEAP           

        CLASS   STACK          

        CLASS   EEDATA         



SEGMENTS        Name                           Load    Length   Top    Selector   Space  Class     Delta

                reset_vec                      000000  000001  000001         0       0  CODE        2
                intentry                       000004  000177  00017B         8       0  CODE        2
                cstackBANK0                    000020  000014  000034        20       1  BANK0       1
                cstackCOMMON                   000070  00000B  00007B        70       1  COMMON      1


UNUSED ADDRESS RANGES

        Name                Unused          Largest block    Delta
        BANK0            00034-0006F              3C           1
        BANK1            000A0-000BF              20           1
        BIGRAM           02000-0206F              70           1
        CODE             00001-00003               3           2
                         0017B-003FF             285
        COMMON           0007B-0007D               3           1
        CONST            00001-00003               3           2
                         0017B-003FF             100
        ENTRY            00001-00003               3           2
                         0017B-003FF             100
        RAM              00034-0006F              3C           1
                         000A0-000BF              20
        SFR0             00000-0001F              20           1
        SFR1             00080-0009F              20           1
        SFR10            00500-0056F              70           1
        SFR11            00580-005EF              70           1
        SFR12            00600-0066F              70           1
        SFR13            00680-006EF              70           1
        SFR14            00700-0076F              70           1
        SFR15            00780-007EF              70           1
        SFR16            00800-0086F              70           1
        SFR17            00880-008EF              70           1
        SFR18            00900-0096F              70           1
        SFR19            00980-009EF              70           1
        SFR2             00100-0016F              70           1
        SFR20            00A00-00A6F              70           1
        SFR21            00A80-00AEF              70           1
        SFR22            00B00-00B6F              70           1
        SFR23            00B80-00BEF              70           1
        SFR24            00C00-00C6F              70           1
        SFR25            00C80-00CEF              70           1
        SFR26            00D00-00D6F              70           1
        SFR27            00D80-00DEF              70           1
        SFR28            00E00-00E6F              70           1
        SFR29            00E80-00EEF              70           1
        SFR3             00180-001EF              70           1
        SFR30            00F00-00F6F              70           1
        SFR31            00F80-00FEF              70           1
        SFR4             00200-0026F              70           1
        SFR5             00280-002EF              70           1
        SFR6             00300-0036F              70           1
        SFR7             00380-003EF              70           1
        SFR8             00400-0046F              70           1
        SFR9             00480-004EF              70           1
        STRCODE          00001-00003               3           2
                         0017B-003FF             285
        STRING           00001-00003               3           2
                         0017B-003FF             100

                                  Symbol Table

?_ADC_read                   cstackCOMMON 00072
?___lmul                     cstackBANK0  00020
ADC_read@channel             cstackCOMMON 00077
ADC_read@result              cstackCOMMON 00075
PWM_dc_set_white@duty_cycle  cstackCOMMON 00072
PWM_dc_set_yellow@duty_cycle cstackCOMMON 00072
_ADCON0                      (abs)        0009D
_ADCON0bits                  (abs)        0009D
_ADCON1                      (abs)        0009E
_ADC_read                    text8        00121
_ADRESH                      (abs)        0009C
_ADRESL                      (abs)        0009B
_ANSELA                      (abs)        0018C
_APFCON                      (abs)        0011D
_FVRCON                      (abs)        00117
_INTCON                      (abs)        0000B
_INTCONbits                  (abs)        0000B
_ISR                         intentry     00004
_LATAbits                    (abs)        0010C
_OPTION_REG                  (abs)        00095
_OSCCON                      (abs)        00099
_PWM1CLKCON                  (abs)        00D9E
_PWM1CON                     (abs)        00D9B
_PWM1CONbits                 (abs)        00D9B
_PWM1DC                      (abs)        00D93
_PWM1LDCONbits               (abs)        00D9F
_PWM1PH                      (abs)        00D91
_PWM1PR                      (abs)        00D95
_PWM2CLKCON                  (abs)        00DAE
_PWM2CON                     (abs)        00DAB
_PWM2CONbits                 (abs)        00DAB
_PWM2DC                      (abs)        00DA3
_PWM2LDCONbits               (abs)        00DAF
_PWM2PH                      (abs)        00DA1
_PWM2PR                      (abs)        00DA5
_PWM_dc_set_white            text7        000FC
_PWM_dc_set_yellow           text6        000D7
_TRISA                       (abs)        0008C
_WPUA                        (abs)        0020C
_WPUAbits                    (abs)        0020C
__Habs1                      abs1         00000
__Hbank0                     bank0        00000
__Hbank1                     bank1        00000
__Hbank10                    bank10       00000
__Hbank11                    bank11       00000
__Hbank12                    bank12       00000
__Hbank13                    bank13       00000
__Hbank14                    bank14       00000
__Hbank15                    bank15       00000
__Hbank16                    bank16       00000
__Hbank17                    bank17       00000
__Hbank18                    bank18       00000
__Hbank19                    bank19       00000
__Hbank2                     bank2        00000
__Hbank20                    bank20       00000
__Hbank21                    bank21       00000
__Hbank22                    bank22       00000
__Hbank23                    bank23       00000
__Hbank24                    bank24       00000
__Hbank25                    bank25       00000
__Hbank26                    bank26       00000
__Hbank27                    bank27       00000
__Hbank28                    bank28       00000
__Hbank29                    bank29       00000
__Hbank3                     bank3        00000
__Hbank30                    bank30       00000
__Hbank31                    bank31       00000
__Hbank4                     bank4        00000
__Hbank5                     bank5        00000
__Hbank6                     bank6        00000
__Hbank7                     bank7        00000
__Hbank8                     bank8        00000
__Hbank9                     bank9        00000
__Hbigram                    bigram       00000
__HbssBANK0                  bssBANK0     00000
__HbssCOMMON                 bssCOMMON    00000
__Hcinit                     cinit        0002D
__Hclrtext                   clrtext      00000
__Hcode                      code         00000
__Hcommon                    common       00000
__Hconfig                    config       08009
__HcstackBANK0               cstackBANK0  00000
__HcstackCOMMON              cstackCOMMON 00000
__Heeprom_data               eeprom_data  00000
__Hend_init                  end_init     0001E
__Hfunctab                   functab      00000
__Hheap                      heap         00000
__Hidloc                     idloc        08004
__Hinit                      init         0001D
__Hintentry                  intentry     0001D
__Hmaintext                  maintext     00000
__Hpowerup                   powerup      00000
__Hram                       ram          00000
__Hreset_vec                 reset_vec    00001
__Hsfr0                      sfr0         00000
__Hsfr1                      sfr1         00000
__Hsfr10                     sfr10        00000
__Hsfr11                     sfr11        00000
__Hsfr12                     sfr12        00000
__Hsfr13                     sfr13        00000
__Hsfr14                     sfr14        00000
__Hsfr15                     sfr15        00000
__Hsfr16                     sfr16        00000
__Hsfr17                     sfr17        00000
__Hsfr18                     sfr18        00000
__Hsfr19                     sfr19        00000
__Hsfr2                      sfr2         00000
__Hsfr20                     sfr20        00000
__Hsfr21                     sfr21        00000
__Hsfr22                     sfr22        00000
__Hsfr23                     sfr23        00000
__Hsfr24                     sfr24        00000
__Hsfr25                     sfr25        00000
__Hsfr26                     sfr26        00000
__Hsfr27                     sfr27        00000
__Hsfr28                     sfr28        00000
__Hsfr29                     sfr29        00000
__Hsfr3                      sfr3         00000
__Hsfr30                     sfr30        00000
__Hsfr31                     sfr31        00000
__Hsfr4                      sfr4         00000
__Hsfr5                      sfr5         00000
__Hsfr6                      sfr6         00000
__Hsfr7                      sfr7         00000
__Hsfr8                      sfr8         00000
__Hsfr9                      sfr9         00000
__Hspace_0                   (abs)        0017B
__Hspace_1                   (abs)        0007B
__Hspace_2                   (abs)        00000
__Hspace_3                   (abs)        00000
__Hspace_4                   (abs)        10010
__Hstack                     stack        00000
__Hstrings                   strings      00000
__Htext                      text         00000
__Labs1                      abs1         00000
__Lbank0                     bank0        00000
__Lbank1                     bank1        00000
__Lbank10                    bank10       00000
__Lbank11                    bank11       00000
__Lbank12                    bank12       00000
__Lbank13                    bank13       00000
__Lbank14                    bank14       00000
__Lbank15                    bank15       00000
__Lbank16                    bank16       00000
__Lbank17                    bank17       00000
__Lbank18                    bank18       00000
__Lbank19                    bank19       00000
__Lbank2                     bank2        00000
__Lbank20                    bank20       00000
__Lbank21                    bank21       00000
__Lbank22                    bank22       00000
__Lbank23                    bank23       00000
__Lbank24                    bank24       00000
__Lbank25                    bank25       00000
__Lbank26                    bank26       00000
__Lbank27                    bank27       00000
__Lbank28                    bank28       00000
__Lbank29                    bank29       00000
__Lbank3                     bank3        00000
__Lbank30                    bank30       00000
__Lbank31                    bank31       00000
__Lbank4                     bank4        00000
__Lbank5                     bank5        00000
__Lbank6                     bank6        00000
__Lbank7                     bank7        00000
__Lbank8                     bank8        00000
__Lbank9                     bank9        00000
__Lbigram                    bigram       00000
__LbssBANK0                  bssBANK0     00000
__LbssCOMMON                 bssCOMMON    00000
__Lcinit                     cinit        0001E
__Lclrtext                   clrtext      00000
__Lcode                      code         00000
__Lcommon                    common       00000
__Lconfig                    config       00000
__LcstackBANK0               cstackBANK0  00000
__LcstackCOMMON              cstackCOMMON 00000
__Leeprom_data               eeprom_data  00000
__Lend_init                  end_init     0001D
__Lfunctab                   functab      00000
__Lheap                      heap         00000
__Lidloc                     idloc        00000
__Linit                      init         0001D
__Lintentry                  intentry     00004
__Lmaintext                  maintext     00000
__Lpowerup                   powerup      00000
__Lram                       ram          00000
__Lreset_vec                 reset_vec    00000
__Lsfr0                      sfr0         00000
__Lsfr1                      sfr1         00000
__Lsfr10                     sfr10        00000
__Lsfr11                     sfr11        00000
__Lsfr12                     sfr12        00000
__Lsfr13                     sfr13        00000
__Lsfr14                     sfr14        00000
__Lsfr15                     sfr15        00000
__Lsfr16                     sfr16        00000
__Lsfr17                     sfr17        00000
__Lsfr18                     sfr18        00000
__Lsfr19                     sfr19        00000
__Lsfr2                      sfr2         00000
__Lsfr20                     sfr20        00000
__Lsfr21                     sfr21        00000
__Lsfr22                     sfr22        00000
__Lsfr23                     sfr23        00000
__Lsfr24                     sfr24        00000
__Lsfr25                     sfr25        00000
__Lsfr26                     sfr26        00000
__Lsfr27                     sfr27        00000
__Lsfr28                     sfr28        00000
__Lsfr29                     sfr29        00000
__Lsfr3                      sfr3         00000
__Lsfr30                     sfr30        00000
__Lsfr31                     sfr31        00000
__Lsfr4                      sfr4         00000
__Lsfr5                      sfr5         00000
__Lsfr6                      sfr6         00000
__Lsfr7                      sfr7         00000
__Lsfr8                      sfr8         00000
__Lsfr9                      sfr9         00000
__Lspace_0                   (abs)        00000
__Lspace_1                   (abs)        00000
__Lspace_2                   (abs)        00000
__Lspace_3                   (abs)        00000
__Lspace_4                   (abs)        00000
__Lstack                     stack        00000
__Lstrings                   strings      00000
__Ltext                      text         00000
__S0                         (abs)        0017B
__S1                         (abs)        0007B
___heap_hi                   (abs)        00000
___heap_lo                   (abs)        00000
___int_sp                    stack        00000
___latbits                   (abs)        00000
___lmul                      text5        000A3
___lmul@multiplicand         cstackBANK0  00024
___lmul@multiplier           cstackBANK0  00020
___lmul@product              cstackCOMMON 00072
___sp                        stack        00000
___stackhi                   (abs)        00000
___stacklo                   (abs)        00000
__end_of_ADC_read            text8        00143
__end_of_ISR                 intentry     0001D
__end_of_PWM_dc_set_white    text7        00121
__end_of_PWM_dc_set_yellow   text6        000FC
__end_of___lmul              text5        000D7
__end_of__initialization     cinit        0002A
__end_of_init                text4        0016F
__end_of_init_adc            text3        00178
__end_of_init_interrtupt     text2        0017B
__end_of_init_pwm            text1        0015D
__end_of_main                maintext     000A3
__initialization             cinit        0001E
__pbssBANK0                  bssBANK0     0002C
__pbssCOMMON                 bssCOMMON    00078
__pcstackBANK0               cstackBANK0  00020
__pcstackCOMMON              cstackCOMMON 00070
__pintentry                  intentry     00004
__pmaintext                  maintext     0002D
__ptext1                     text1        00143
__ptext2                     text2        00178
__ptext3                     text3        0016F
__ptext4                     text4        0015D
__ptext5                     text5        000A3
__ptext6                     text6        000D7
__ptext7                     text7        000FC
__ptext8                     text8        00121
_init                        text4        0015D
_init_adc                    text3        0016F
_init_interrtupt             text2        00178
_init_pwm                    text1        00143
_lights_hold_flag            bssCOMMON    0007A
_main                        maintext     0002D
_pot_brightness              bssCOMMON    00078
_pot_temperature             bssBANK0     00032
_white_DC                    bssBANK0     0002C
_yellow_DC                   bssBANK0     00030
btemp                        (abs)        0007E
end_of_initialization        cinit        0002A
int$flags                    (abs)        0007E
intlevel0                    functab      00000
intlevel1                    functab      00000
intlevel2                    functab      00000
intlevel3                    functab      00000
intlevel4                    functab      00000
intlevel5                    functab      00000
reset_vec                    reset_vec    00000
start                        init         0001D
start_initialization         cinit        0001E
wtemp0                       (abs)        0007E


MODULE INFORMATION

Module		Function		Class		Link	Load	Size
init_interrupt.c
		_init_interrtupt		CODE           	0178	0000	3

init_interrupt.c estimated size: 3

C:\Program Files\Microchip\xc8\v2.40\pic\sources\c99\common\Umul32.c
		___lmul        		CODE           	00A3	0000	52

C:\Program Files\Microchip\xc8\v2.40\pic\sources\c99\common\Umul32.c estimated size: 52

init_pwm.c
		_init_pwm      		CODE           	0143	0000	26

init_pwm.c estimated size: 26

init_adc.c
		_init_adc      		CODE           	016F	0000	9

init_adc.c estimated size: 9

shared
		__initialization		CODE           	001E	0000	12

shared estimated size: 12

ADC_read.c
		_ADC_read      		CODE           	0121	0000	34

ADC_read.c estimated size: 34

init.c
		_init          		CODE           	015D	0000	18

init.c estimated size: 18

main.c
		_ISR           		CODE           	0004	0000	25
		_main          		CODE           	002D	0000	118

main.c estimated size: 143

PWM_dc_set_yellow.c
		_PWM_dc_set_yellow		CODE           	00D7	0000	37

PWM_dc_set_yellow.c estimated size: 37

PWM_dc_set_white.c
		_PWM_dc_set_white		CODE           	00FC	0000	37

PWM_dc_set_white.c estimated size: 37

